
#############################################################
#  Hardware Connection Tester                               #
#  Recebe qualquer comunicação e loga tudo no console.      #
#############################################################
  HTTP catch-all : http://0.0.0.0:8090/  (qualquer método/rota/content-type)
  TCP bruto      : 0.0.0.0:9000  (socket puro, qualquer byte)
  Aguardando conexões... (Ctrl+C para parar)

========================================================================
  HTTP #1
========================================================================
  Quando: 2026-07-15 11:06:19.735
  Origem: /[0:0:0:0:0:0:0:1]:65503
  Método: POST
  URI: /api/dispositivo?serial=ABC123
  Protocolo: HTTP/1.1

  Headers:
    Accept: */*
    Host: localhost:8090
    User-agent: curl/8.12.1
    Content-type: application/json
    Content-length: 30

  Corpo (30 bytes):
    | {"temp": 25.4, "status": "ok"}

    Hex dump:
    00000000  7B 22 74 65 6D 70 22 3A  20 32 35 2E 34 2C 20 22  |{"temp": 25.4, "|
    00000010  73 74 61 74 75 73 22 3A  20 22 6F 6B 22 7D        |status": "ok"}|
========================================================================

========================================================================
  HTTP #2
========================================================================
  Quando: 2026-07-15 11:06:19.792
  Origem: /[0:0:0:0:0:0:0:1]:65504
  Método: PUT
  URI: /hardware/leitura
  Protocolo: HTTP/1.1

  Headers:
    Accept: */*
    Host: localhost:8090
    User-agent: curl/8.12.1
    Content-type: application/xml
    Content-length: 39

  Corpo (39 bytes):
    | <leitura><tensao>220</tensao></leitura>

    Hex dump:
    00000000  3C 6C 65 69 74 75 72 61  3E 3C 74 65 6E 73 61 6F  |<leitura><tensao|
    00000010  3E 32 32 30 3C 2F 74 65  6E 73 61 6F 3E 3C 2F 6C  |>220</tensao></l|
    00000020  65 69 74 75 72 61 3E                              |eitura>|
========================================================================

========================================================================
  TCP #1 CONECTADO
========================================================================
  Quando: 2026-07-15 11:06:20.209
  Origem: /127.0.0.1:65505
========================================================================

========================================================================
  TCP #1 DADOS (bloco 1)
========================================================================
  Quando: 2026-07-15 11:06:20.212
  Origem: /127.0.0.1:65505
  Bytes: 26

    | PING
    | SENSOR:42;VALOR:99
    | 

    Hex dump:
    00000000  50 49 4E 47 0D 0A 53 45  4E 53 4F 52 3A 34 32 3B  |PING..SENSOR:42;|
    00000010  56 41 4C 4F 52 3A 39 39  0D 0A                    |VALOR:99..|
========================================================================
[TCP #1] DESCONECTADO (/127.0.0.1:65505)